2026-08-10 08:49:08 INFO  Utils - [TestNG] Running:
  C:\Users\Dell\AppData\Local\JetBrains\IntelliJIdea2026.1\temp-testng-customsuite.xml

2026-08-10 08:49:08 INFO  BaseTest - =========================================================
2026-08-10 08:49:08 INFO  PropertyUtils - Loaded base configuration from [C:\Users\Dell\Documents\selenium-java-framework\src\main\resources\config.properties]
2026-08-10 08:49:08 INFO  PropertyUtils - Applied environment overrides for [qa] from [C:\Users\Dell\Documents\selenium-java-framework\src\main\resources\config-qa.properties]
2026-08-10 08:49:08 INFO  BaseTest -  TEST SUITE EXECUTION STARTED | environment=[qa] | browser=[chrome]
2026-08-10 08:49:08 INFO  BaseTest - =========================================================
2026-08-10 08:49:08 INFO  BaseTest - ---- Starting test [validLogin] on thread [1] ----
2026-08-10 08:49:08 INFO  DriverFactory - Initializing WebDriver | browser=[chrome] | headless=[false] | thread=[1]
2026-08-10 08:49:12 INFO  WebDriverManager - Using chromedriver 151.0.7922.77 (resolved driver for Chrome 151)
2026-08-10 08:49:12 INFO  WebDriverManager - Exporting webdriver.chrome.driver as C:\Users\Dell\.cache\selenium\chromedriver\win64\151.0.7922.77\chromedriver.exe
2026-08-10 08:49:22 INFO  DriverFactory - WebDriver ready | browser=[chrome] | thread=[1]
2026-08-10 08:49:22 INFO  BaseTest - Navigating to application URL: [https://www.amazon.in/]
2026-08-10 08:53:03 INFO  Utils - [TestNG] Running:
  C:\Users\Dell\AppData\Local\JetBrains\IntelliJIdea2026.1\temp-testng-customsuite.xml

2026-08-10 08:53:03 INFO  BaseTest - =========================================================
2026-08-10 08:53:03 INFO  PropertyUtils - Loaded base configuration from [C:\Users\Dell\Documents\selenium-java-framework\src\main\resources\config.properties]
2026-08-10 08:53:03 INFO  PropertyUtils - Applied environment overrides for [qa] from [C:\Users\Dell\Documents\selenium-java-framework\src\main\resources\config-qa.properties]
2026-08-10 08:53:03 INFO  BaseTest -  TEST SUITE EXECUTION STARTED | environment=[qa] | browser=[chrome]
2026-08-10 08:53:03 INFO  BaseTest - =========================================================
2026-08-10 08:53:03 INFO  BaseTest - ---- Starting test [validLogin] on thread [1] ----
2026-08-10 08:53:03 INFO  DriverFactory - Initializing WebDriver | browser=[chrome] | headless=[false] | thread=[1]
2026-08-10 08:53:04 INFO  WebDriverManager - Using chromedriver 151.0.7922.77 (resolved driver for Chrome 151)
2026-08-10 08:53:04 INFO  WebDriverManager - Exporting webdriver.chrome.driver as C:\Users\Dell\.cache\selenium\chromedriver\win64\151.0.7922.77\chromedriver.exe
2026-08-10 08:53:10 INFO  DriverFactory - WebDriver ready | browser=[chrome] | thread=[1]
2026-08-10 08:53:10 INFO  BaseTest - Navigating to application URL: [https://www.amazon.in/]
2026-08-10 08:57:58 INFO  Utils - [TestNG] Running:
  C:\Users\Dell\AppData\Local\JetBrains\IntelliJIdea2026.1\temp-testng-customsuite.xml

2026-08-10 08:57:58 INFO  BaseTest - =========================================================
2026-08-10 08:57:58 INFO  PropertyUtils - Loaded base configuration from [C:\Users\Dell\Documents\selenium-java-framework\src\main\resources\config.properties]
2026-08-10 08:57:58 INFO  PropertyUtils - Applied environment overrides for [qa] from [C:\Users\Dell\Documents\selenium-java-framework\src\main\resources\config-qa.properties]
2026-08-10 08:57:58 INFO  BaseTest -  TEST SUITE EXECUTION STARTED | environment=[qa] | browser=[chrome]
2026-08-10 08:57:58 INFO  BaseTest - =========================================================
2026-08-10 08:57:58 INFO  BaseTest - ---- Starting test [validLogin] on thread [1] ----
2026-08-10 08:57:58 INFO  DriverFactory - Initializing WebDriver | browser=[chrome] | headless=[false] | thread=[1]
2026-08-10 08:58:00 INFO  WebDriverManager - Using chromedriver 151.0.7922.77 (resolved driver for Chrome 151)
2026-08-10 08:58:00 INFO  WebDriverManager - Exporting webdriver.chrome.driver as C:\Users\Dell\.cache\selenium\chromedriver\win64\151.0.7922.77\chromedriver.exe
2026-08-10 08:58:06 INFO  DriverFactory - WebDriver ready | browser=[chrome] | thread=[1]
2026-08-10 08:58:06 INFO  BaseTest - Navigating to application URL: [https://www.amazon.in/]
2026-08-10 09:00:17 INFO  Utils - [TestNG] Running:
  C:\Users\Dell\AppData\Local\JetBrains\IntelliJIdea2026.1\temp-testng-customsuite.xml

2026-08-10 09:00:17 INFO  BaseTest - =========================================================
2026-08-10 09:00:17 INFO  PropertyUtils - Loaded base configuration from [C:\Users\Dell\Documents\selenium-java-framework\src\main\resources\config.properties]
2026-08-10 09:00:17 INFO  PropertyUtils - Applied environment overrides for [qa] from [C:\Users\Dell\Documents\selenium-java-framework\src\main\resources\config-qa.properties]
2026-08-10 09:00:17 INFO  BaseTest -  TEST SUITE EXECUTION STARTED | environment=[qa] | browser=[chrome]
2026-08-10 09:00:17 INFO  BaseTest - =========================================================
2026-08-10 09:00:17 INFO  BaseTest - ---- Starting test [validLogin] on thread [1] ----
2026-08-10 09:00:17 INFO  DriverFactory - Initializing WebDriver | browser=[chrome] | headless=[false] | thread=[1]
2026-08-10 09:00:18 INFO  WebDriverManager - Using chromedriver 151.0.7922.77 (resolved driver for Chrome 151)
2026-08-10 09:00:18 INFO  WebDriverManager - Exporting webdriver.chrome.driver as C:\Users\Dell\.cache\selenium\chromedriver\win64\151.0.7922.77\chromedriver.exe
2026-08-10 09:00:24 INFO  DriverFactory - WebDriver ready | browser=[chrome] | thread=[1]
2026-08-10 09:00:24 INFO  BaseTest - Navigating to application URL: [https://www.amazon.in/]
2026-08-10 09:02:12 INFO  Utils - [TestNG] Running:
  C:\Users\Dell\AppData\Local\JetBrains\IntelliJIdea2026.1\temp-testng-customsuite.xml

2026-08-10 09:02:12 INFO  BaseTest - =========================================================
2026-08-10 09:02:12 INFO  PropertyUtils - Loaded base configuration from [C:\Users\Dell\Documents\selenium-java-framework\src\main\resources\config.properties]
2026-08-10 09:02:12 INFO  PropertyUtils - Applied environment overrides for [qa] from [C:\Users\Dell\Documents\selenium-java-framework\src\main\resources\config-qa.properties]
2026-08-10 09:02:12 INFO  BaseTest -  TEST SUITE EXECUTION STARTED | environment=[qa] | browser=[chrome]
2026-08-10 09:02:12 INFO  BaseTest - =========================================================
2026-08-10 09:02:13 INFO  BaseTest - ---- Starting test [validLogin] on thread [1] ----
2026-08-10 09:02:13 INFO  DriverFactory - Initializing WebDriver | browser=[chrome] | headless=[false] | thread=[1]
2026-08-10 09:02:14 INFO  WebDriverManager - Using chromedriver 151.0.7922.77 (resolved driver for Chrome 151)
2026-08-10 09:02:14 INFO  WebDriverManager - Exporting webdriver.chrome.driver as C:\Users\Dell\.cache\selenium\chromedriver\win64\151.0.7922.77\chromedriver.exe
2026-08-10 09:02:21 INFO  DriverFactory - WebDriver ready | browser=[chrome] | thread=[1]
2026-08-10 09:02:21 INFO  BaseTest - Navigating to application URL: [https://www.amazon.in/]
2026-08-10 09:05:04 INFO  Utils - [TestNG] Running:
  C:\Users\Dell\AppData\Local\JetBrains\IntelliJIdea2026.1\temp-testng-customsuite.xml

2026-08-10 09:05:04 INFO  BaseTest - =========================================================
2026-08-10 09:05:04 INFO  PropertyUtils - Loaded base configuration from [C:\Users\Dell\Documents\selenium-java-framework\src\main\resources\config.properties]
2026-08-10 09:05:04 INFO  PropertyUtils - Applied environment overrides for [qa] from [C:\Users\Dell\Documents\selenium-java-framework\src\main\resources\config-qa.properties]
2026-08-10 09:05:04 INFO  BaseTest -  TEST SUITE EXECUTION STARTED | environment=[qa] | browser=[chrome]
2026-08-10 09:05:04 INFO  BaseTest - =========================================================
2026-08-10 09:05:04 INFO  BaseTest - ---- Starting test [validLogin] on thread [1] ----
2026-08-10 09:05:05 INFO  DriverFactory - Initializing WebDriver | browser=[chrome] | headless=[false] | thread=[1]
2026-08-10 09:05:07 INFO  WebDriverManager - Using chromedriver 151.0.7922.77 (resolved driver for Chrome 151)
2026-08-10 09:05:07 INFO  WebDriverManager - Exporting webdriver.chrome.driver as C:\Users\Dell\.cache\selenium\chromedriver\win64\151.0.7922.77\chromedriver.exe
2026-08-10 09:05:14 INFO  DriverFactory - WebDriver ready | browser=[chrome] | thread=[1]
2026-08-10 09:05:14 INFO  BaseTest - Navigating to application URL: [https://www.amazon.in/]
2026-08-10 09:18:00 INFO  Utils - [TestNG] Running:
  C:\Users\Dell\AppData\Local\JetBrains\IntelliJIdea2026.1\temp-testng-customsuite.xml

2026-08-10 09:18:00 INFO  BaseTest - =========================================================
2026-08-10 09:18:00 INFO  PropertyUtils - Loaded base configuration from [C:\Users\Dell\Documents\selenium-java-framework\src\main\resources\config.properties]
2026-08-10 09:18:00 INFO  PropertyUtils - Applied environment overrides for [qa] from [C:\Users\Dell\Documents\selenium-java-framework\src\main\resources\config-qa.properties]
2026-08-10 09:18:00 INFO  BaseTest -  TEST SUITE EXECUTION STARTED | environment=[qa] | browser=[chrome]
2026-08-10 09:18:00 INFO  BaseTest - =========================================================
2026-08-10 09:18:00 INFO  BaseTest - ---- Starting test [validLogin] on thread [1] ----
2026-08-10 09:18:00 INFO  DriverFactory - Initializing WebDriver | browser=[chrome] | headless=[false] | thread=[1]
2026-08-10 09:18:02 INFO  WebDriverManager - Using chromedriver 151.0.7922.77 (resolved driver for Chrome 151)
2026-08-10 09:18:02 INFO  WebDriverManager - Exporting webdriver.chrome.driver as C:\Users\Dell\.cache\selenium\chromedriver\win64\151.0.7922.77\chromedriver.exe
2026-08-10 09:18:11 INFO  DriverFactory - WebDriver ready | browser=[chrome] | thread=[1]
2026-08-10 09:18:11 INFO  BaseTest - Navigating to application URL: [https://www.amazon.in/]
2026-08-10 09:18:49 WARN  BasePage - Native click intercepted for [[[ChromeDriver: chrome on windows (b216cbe255dd7c1f6862bbff25af74d9)] -> xpath: //a[@class='hmenu-item' and text()='Shirts'][1]]], retrying via JavaScript click: element click intercepted: Element <a href="/gp/browse.html?node=1968093031&amp;ref_=nav_em_sbc_mfashion_shirts_0_2_10_4" class="hmenu-item">...</a> is not clickable at point (167, 253). Other element would receive the click: <a href="/gp/browse.html?node=1968093031&amp;ref_=nav_em_sbc_mfashion_shirts_0_2_10_4" class="hmenu-item">...</a>
  (Session info: chrome=151.0.7922.76)
Build info: version: '4.24.0', revision: '748ffc9bc3'
System info: os.name: 'Windows 11', os.arch: 'amd64', os.version: '10.0', java.version: '21.0.11'
Driver info: org.openqa.selenium.chrome.ChromeDriver
Command: [b216cbe255dd7c1f6862bbff25af74d9, clickElement {id=f.0DCCE40E8744D0AB6C54F5DD49817F49.d.80F7B770EF3732F848BD32BF95147195.e.1269}]
Capabilities {acceptInsecureCerts: false, browserName: chrome, browserVersion: 151.0.7922.76, chrome: {chromedriverVersion: 151.0.7922.77 (ff37cfca2101..., userDataDir: C:\Users\Dell\AppData\Local...}, fedcm:accounts: true, goog:chromeOptions: {debuggerAddress: localhost:57872}, goog:processID: 16000, networkConnectionEnabled: false, pageLoadStrategy: normal, platformName: windows, proxy: Proxy(), se:cdp: ws://localhost:57872/devtoo..., se:cdpVersion: 151.0.7922.76, setWindowRect: true, strictFileInteractability: false, timeouts: {implicit: 0, pageLoad: 300000, script: 30000}, unhandledPromptBehavior: dismiss and notify, webauthn:extension:credBlob: true, webauthn:extension:largeBlob: true, webauthn:extension:minPinLength: true, webauthn:extension:prf: true, webauthn:virtualAuthenticators: true}
Element: [[ChromeDriver: chrome on windows (b216cbe255dd7c1f6862bbff25af74d9)] -> xpath: //a[@class='hmenu-item' and text()='Shirts'][1]]
Session ID: b216cbe255dd7c1f6862bbff25af74d9
2026-08-10 09:21:56 INFO  Utils - [TestNG] Running:
  C:\Users\Dell\AppData\Local\JetBrains\IntelliJIdea2026.1\temp-testng-customsuite.xml

2026-08-10 09:21:56 INFO  BaseTest - =========================================================
2026-08-10 09:21:56 INFO  PropertyUtils - Loaded base configuration from [C:\Users\Dell\Documents\selenium-java-framework\src\main\resources\config.properties]
2026-08-10 09:21:56 INFO  PropertyUtils - Applied environment overrides for [qa] from [C:\Users\Dell\Documents\selenium-java-framework\src\main\resources\config-qa.properties]
2026-08-10 09:21:56 INFO  BaseTest -  TEST SUITE EXECUTION STARTED | environment=[qa] | browser=[chrome]
2026-08-10 09:21:56 INFO  BaseTest - =========================================================
2026-08-10 09:21:56 INFO  BaseTest - ---- Starting test [validLogin] on thread [1] ----
2026-08-10 09:21:56 INFO  DriverFactory - Initializing WebDriver | browser=[chrome] | headless=[false] | thread=[1]
2026-08-10 09:21:58 INFO  WebDriverManager - Using chromedriver 151.0.7922.77 (resolved driver for Chrome 151)
2026-08-10 09:21:58 INFO  WebDriverManager - Exporting webdriver.chrome.driver as C:\Users\Dell\.cache\selenium\chromedriver\win64\151.0.7922.77\chromedriver.exe
2026-08-10 09:22:05 INFO  DriverFactory - WebDriver ready | browser=[chrome] | thread=[1]
2026-08-10 09:22:05 INFO  BaseTest - Navigating to application URL: [https://www.amazon.in/]
2026-08-10 09:22:35 WARN  BasePage - Native click intercepted for [[[ChromeDriver: chrome on windows (b4088cf7b0b749b3f2f35bbd74af5475)] -> xpath: //a[@class='hmenu-item' and text()='Shirts'][1]]], retrying via JavaScript click: element click intercepted: Element <a href="/gp/browse.html?node=1968093031&amp;ref_=nav_em_sbc_mfashion_shirts_0_2_10_4" class="hmenu-item">...</a> is not clickable at point (60, 253). Other element would receive the click: <a href="/gp/browse.html?node=1968093031&amp;ref_=nav_em_sbc_mfashion_shirts_0_2_10_4" class="hmenu-item">...</a>
  (Session info: chrome=151.0.7922.76)
Build info: version: '4.24.0', revision: '748ffc9bc3'
System info: os.name: 'Windows 11', os.arch: 'amd64', os.version: '10.0', java.version: '21.0.11'
Driver info: org.openqa.selenium.chrome.ChromeDriver
Command: [b4088cf7b0b749b3f2f35bbd74af5475, clickElement {id=f.9073C2EEB6DA1BFD56A468DEEF44A0B8.d.39840F3678F7A5CC31F671D5914D3FAA.e.1117}]
Capabilities {acceptInsecureCerts: false, browserName: chrome, browserVersion: 151.0.7922.76, chrome: {chromedriverVersion: 151.0.7922.77 (ff37cfca2101..., userDataDir: C:\Users\Dell\AppData\Local...}, fedcm:accounts: true, goog:chromeOptions: {debuggerAddress: localhost:51481}, goog:processID: 15480, networkConnectionEnabled: false, pageLoadStrategy: normal, platformName: windows, proxy: Proxy(), se:cdp: ws://localhost:51481/devtoo..., se:cdpVersion: 151.0.7922.76, setWindowRect: true, strictFileInteractability: false, timeouts: {implicit: 0, pageLoad: 300000, script: 30000}, unhandledPromptBehavior: dismiss and notify, webauthn:extension:credBlob: true, webauthn:extension:largeBlob: true, webauthn:extension:minPinLength: true, webauthn:extension:prf: true, webauthn:virtualAuthenticators: true}
Element: [[ChromeDriver: chrome on windows (b4088cf7b0b749b3f2f35bbd74af5475)] -> xpath: //a[@class='hmenu-item' and text()='Shirts'][1]]
Session ID: b4088cf7b0b749b3f2f35bbd74af5475
2026-08-10 09:28:05 INFO  Utils - [TestNG] Running:
  C:\Users\Dell\AppData\Local\JetBrains\IntelliJIdea2026.1\temp-testng-customsuite.xml

2026-08-10 09:28:05 INFO  BaseTest - =========================================================
2026-08-10 09:28:05 INFO  PropertyUtils - Loaded base configuration from [C:\Users\Dell\Documents\selenium-java-framework\src\main\resources\config.properties]
2026-08-10 09:28:05 INFO  PropertyUtils - Applied environment overrides for [qa] from [C:\Users\Dell\Documents\selenium-java-framework\src\main\resources\config-qa.properties]
2026-08-10 09:28:05 INFO  BaseTest -  TEST SUITE EXECUTION STARTED | environment=[qa] | browser=[chrome]
2026-08-10 09:28:05 INFO  BaseTest - =========================================================
2026-08-10 09:28:05 INFO  BaseTest - ---- Starting test [validLogin] on thread [1] ----
2026-08-10 09:28:05 INFO  DriverFactory - Initializing WebDriver | browser=[chrome] | headless=[false] | thread=[1]
2026-08-10 09:28:07 INFO  WebDriverManager - Using chromedriver 151.0.7922.77 (resolved driver for Chrome 151)
2026-08-10 09:28:07 INFO  WebDriverManager - Exporting webdriver.chrome.driver as C:\Users\Dell\.cache\selenium\chromedriver\win64\151.0.7922.77\chromedriver.exe
2026-08-10 09:28:13 INFO  DriverFactory - WebDriver ready | browser=[chrome] | thread=[1]
2026-08-10 09:28:13 INFO  BaseTest - Navigating to application URL: [https://www.amazon.in/]
2026-08-10 09:28:31 WARN  BasePage - Native click intercepted for [[[ChromeDriver: chrome on windows (15fe4ea7582d2fb891c5c1f156b35a32)] -> xpath: //a[@class='hmenu-item' and text()='Shirts'][1]]], retrying via JavaScript click: element click intercepted: Element <a href="/gp/browse.html?node=1968093031&amp;ref_=nav_em_sbc_mfashion_shirts_0_2_10_4" class="hmenu-item">...</a> is not clickable at point (155, 253). Other element would receive the click: <a href="/gp/browse.html?node=1968093031&amp;ref_=nav_em_sbc_mfashion_shirts_0_2_10_4" class="hmenu-item">...</a>
  (Session info: chrome=151.0.7922.76)
Build info: version: '4.24.0', revision: '748ffc9bc3'
System info: os.name: 'Windows 11', os.arch: 'amd64', os.version: '10.0', java.version: '21.0.11'
Driver info: org.openqa.selenium.chrome.ChromeDriver
Command: [15fe4ea7582d2fb891c5c1f156b35a32, clickElement {id=f.57420D4A91632821AB05F079406BFC21.d.E61C1BFA626060C9C4D785DB17DFD8B1.e.1043}]
Capabilities {acceptInsecureCerts: false, browserName: chrome, browserVersion: 151.0.7922.76, chrome: {chromedriverVersion: 151.0.7922.77 (ff37cfca2101..., userDataDir: C:\Users\Dell\AppData\Local...}, fedcm:accounts: true, goog:chromeOptions: {debuggerAddress: localhost:57066}, goog:processID: 12372, networkConnectionEnabled: false, pageLoadStrategy: normal, platformName: windows, proxy: Proxy(), se:cdp: ws://localhost:57066/devtoo..., se:cdpVersion: 151.0.7922.76, setWindowRect: true, strictFileInteractability: false, timeouts: {implicit: 0, pageLoad: 300000, script: 30000}, unhandledPromptBehavior: dismiss and notify, webauthn:extension:credBlob: true, webauthn:extension:largeBlob: true, webauthn:extension:minPinLength: true, webauthn:extension:prf: true, webauthn:virtualAuthenticators: true}
Element: [[ChromeDriver: chrome on windows (15fe4ea7582d2fb891c5c1f156b35a32)] -> xpath: //a[@class='hmenu-item' and text()='Shirts'][1]]
Session ID: 15fe4ea7582d2fb891c5c1f156b35a32
2026-08-10 09:34:29 INFO  Utils - [TestNG] Running:
  C:\Users\Dell\AppData\Local\JetBrains\IntelliJIdea2026.1\temp-testng-customsuite.xml

2026-08-10 09:34:29 INFO  BaseTest - =========================================================
2026-08-10 09:34:29 INFO  PropertyUtils - Loaded base configuration from [C:\Users\Dell\Documents\selenium-java-framework\src\main\resources\config.properties]
2026-08-10 09:34:29 INFO  PropertyUtils - Applied environment overrides for [qa] from [C:\Users\Dell\Documents\selenium-java-framework\src\main\resources\config-qa.properties]
2026-08-10 09:34:29 INFO  BaseTest -  TEST SUITE EXECUTION STARTED | environment=[qa] | browser=[chrome]
2026-08-10 09:34:29 INFO  BaseTest - =========================================================
2026-08-10 09:34:29 INFO  BaseTest - ---- Starting test [validLogin] on thread [1] ----
2026-08-10 09:34:29 INFO  DriverFactory - Initializing WebDriver | browser=[chrome] | headless=[false] | thread=[1]
2026-08-10 09:34:30 INFO  WebDriverManager - Using chromedriver 151.0.7922.77 (resolved driver for Chrome 151)
2026-08-10 09:34:31 INFO  WebDriverManager - Exporting webdriver.chrome.driver as C:\Users\Dell\.cache\selenium\chromedriver\win64\151.0.7922.77\chromedriver.exe
2026-08-10 09:34:37 INFO  DriverFactory - WebDriver ready | browser=[chrome] | thread=[1]
2026-08-10 09:34:37 INFO  BaseTest - Navigating to application URL: [https://www.amazon.in/]
2026-08-10 09:34:50 WARN  BasePage - Native click intercepted for [[[ChromeDriver: chrome on windows (5b5d7f59c08865647e2a44de9c13f6c0)] -> xpath: //a[@class='hmenu-item' and text()='Shirts'][1]]], retrying via JavaScript click: element click intercepted: Element <a href="/gp/browse.html?node=1968093031&amp;ref_=nav_em_sbc_mfashion_shirts_0_2_10_4" class="hmenu-item">...</a> is not clickable at point (175, 253). Other element would receive the click: <a href="/gp/browse.html?node=1968093031&amp;ref_=nav_em_sbc_mfashion_shirts_0_2_10_4" class="hmenu-item">...</a>
  (Session info: chrome=151.0.7922.76)
Build info: version: '4.24.0', revision: '748ffc9bc3'
System info: os.name: 'Windows 11', os.arch: 'amd64', os.version: '10.0', java.version: '21.0.11'
Driver info: org.openqa.selenium.chrome.ChromeDriver
Command: [5b5d7f59c08865647e2a44de9c13f6c0, clickElement {id=f.1CAA14C1FAEE8C8DD3BA129A367A357C.d.24B06970C5873804AA1E9AC997E6007E.e.1224}]
Capabilities {acceptInsecureCerts: false, browserName: chrome, browserVersion: 151.0.7922.76, chrome: {chromedriverVersion: 151.0.7922.77 (ff37cfca2101..., userDataDir: C:\Users\Dell\AppData\Local...}, fedcm:accounts: true, goog:chromeOptions: {debuggerAddress: localhost:57504}, goog:processID: 15608, networkConnectionEnabled: false, pageLoadStrategy: normal, platformName: windows, proxy: Proxy(), se:cdp: ws://localhost:57504/devtoo..., se:cdpVersion: 151.0.7922.76, setWindowRect: true, strictFileInteractability: false, timeouts: {implicit: 0, pageLoad: 300000, script: 30000}, unhandledPromptBehavior: dismiss and notify, webauthn:extension:credBlob: true, webauthn:extension:largeBlob: true, webauthn:extension:minPinLength: true, webauthn:extension:prf: true, webauthn:virtualAuthenticators: true}
Element: [[ChromeDriver: chrome on windows (5b5d7f59c08865647e2a44de9c13f6c0)] -> xpath: //a[@class='hmenu-item' and text()='Shirts'][1]]
Session ID: 5b5d7f59c08865647e2a44de9c13f6c0
2026-08-10 09:41:20 INFO  Utils - [TestNG] Running:
  C:\Users\Dell\AppData\Local\JetBrains\IntelliJIdea2026.1\temp-testng-customsuite.xml

2026-08-10 09:41:20 INFO  BaseTest - =========================================================
2026-08-10 09:41:20 INFO  PropertyUtils - Loaded base configuration from [C:\Users\Dell\Documents\selenium-java-framework\src\main\resources\config.properties]
2026-08-10 09:41:20 INFO  PropertyUtils - Applied environment overrides for [qa] from [C:\Users\Dell\Documents\selenium-java-framework\src\main\resources\config-qa.properties]
2026-08-10 09:41:20 INFO  BaseTest -  TEST SUITE EXECUTION STARTED | environment=[qa] | browser=[chrome]
2026-08-10 09:41:20 INFO  BaseTest - =========================================================
2026-08-10 09:41:20 INFO  BaseTest - ---- Starting test [validLogin] on thread [1] ----
2026-08-10 09:41:20 INFO  DriverFactory - Initializing WebDriver | browser=[chrome] | headless=[false] | thread=[1]
2026-08-10 09:41:22 INFO  WebDriverManager - Using chromedriver 151.0.7922.77 (resolved driver for Chrome 151)
2026-08-10 09:41:22 INFO  WebDriverManager - Exporting webdriver.chrome.driver as C:\Users\Dell\.cache\selenium\chromedriver\win64\151.0.7922.77\chromedriver.exe
2026-08-10 09:41:28 INFO  DriverFactory - WebDriver ready | browser=[chrome] | thread=[1]
2026-08-10 09:41:28 INFO  BaseTest - Navigating to application URL: [https://www.amazon.in/]
2026-08-10 09:41:47 WARN  BasePage - Native click intercepted for [[[ChromeDriver: chrome on windows (b5a1b48dace5e9fd9c91491af44ad5c1)] -> xpath: //a[@class='hmenu-item' and text()='Shirts'][1]]], retrying via JavaScript click: element click intercepted: Element <a href="/gp/browse.html?node=1968093031&amp;ref_=nav_em_sbc_mfashion_shirts_0_2_10_4" class="hmenu-item">...</a> is not clickable at point (175, 253). Other element would receive the click: <a href="/gp/browse.html?node=1968093031&amp;ref_=nav_em_sbc_mfashion_shirts_0_2_10_4" class="hmenu-item">...</a>
  (Session info: chrome=151.0.7922.76)
Build info: version: '4.24.0', revision: '748ffc9bc3'
System info: os.name: 'Windows 11', os.arch: 'amd64', os.version: '10.0', java.version: '21.0.11'
Driver info: org.openqa.selenium.chrome.ChromeDriver
Command: [b5a1b48dace5e9fd9c91491af44ad5c1, clickElement {id=f.D22E4BC477F4F69D442F60C4261953B1.d.BD06B61D519F779AEA5AB851E68A7672.e.1100}]
Capabilities {acceptInsecureCerts: false, browserName: chrome, browserVersion: 151.0.7922.76, chrome: {chromedriverVersion: 151.0.7922.77 (ff37cfca2101..., userDataDir: C:\Users\Dell\AppData\Local...}, fedcm:accounts: true, goog:chromeOptions: {debuggerAddress: localhost:58111}, goog:processID: 10276, networkConnectionEnabled: false, pageLoadStrategy: normal, platformName: windows, proxy: Proxy(), se:cdp: ws://localhost:58111/devtoo..., se:cdpVersion: 151.0.7922.76, setWindowRect: true, strictFileInteractability: false, timeouts: {implicit: 0, pageLoad: 300000, script: 30000}, unhandledPromptBehavior: dismiss and notify, webauthn:extension:credBlob: true, webauthn:extension:largeBlob: true, webauthn:extension:minPinLength: true, webauthn:extension:prf: true, webauthn:virtualAuthenticators: true}
Element: [[ChromeDriver: chrome on windows (b5a1b48dace5e9fd9c91491af44ad5c1)] -> xpath: //a[@class='hmenu-item' and text()='Shirts'][1]]
Session ID: b5a1b48dace5e9fd9c91491af44ad5c1
2026-08-10 09:44:40 INFO  Utils - [TestNG] Running:
  C:\Users\Dell\AppData\Local\JetBrains\IntelliJIdea2026.1\temp-testng-customsuite.xml

2026-08-10 09:44:40 INFO  BaseTest - =========================================================
2026-08-10 09:44:40 INFO  PropertyUtils - Loaded base configuration from [C:\Users\Dell\Documents\selenium-java-framework\src\main\resources\config.properties]
2026-08-10 09:44:40 INFO  PropertyUtils - Applied environment overrides for [qa] from [C:\Users\Dell\Documents\selenium-java-framework\src\main\resources\config-qa.properties]
2026-08-10 09:44:40 INFO  BaseTest -  TEST SUITE EXECUTION STARTED | environment=[qa] | browser=[chrome]
2026-08-10 09:44:40 INFO  BaseTest - =========================================================
2026-08-10 09:44:40 INFO  BaseTest - ---- Starting test [validLogin] on thread [1] ----
2026-08-10 09:44:40 INFO  DriverFactory - Initializing WebDriver | browser=[chrome] | headless=[false] | thread=[1]
2026-08-10 09:44:41 INFO  WebDriverManager - Using chromedriver 151.0.7922.77 (resolved driver for Chrome 151)
2026-08-10 09:44:41 INFO  WebDriverManager - Exporting webdriver.chrome.driver as C:\Users\Dell\.cache\selenium\chromedriver\win64\151.0.7922.77\chromedriver.exe
2026-08-10 09:44:50 INFO  DriverFactory - WebDriver ready | browser=[chrome] | thread=[1]
2026-08-10 09:44:50 INFO  BaseTest - Navigating to application URL: [https://www.amazon.in/]
2026-08-10 09:45:22 WARN  BasePage - Native click intercepted for [[[ChromeDriver: chrome on windows (c5143c110357053e57d1a852573fbe10)] -> xpath: //a[@class='hmenu-item' and text()='Shirts'][1]]], retrying via JavaScript click: element click intercepted: Element <a href="/gp/browse.html?node=1968093031&amp;ref_=nav_em_sbc_mfashion_shirts_0_2_10_4" class="hmenu-item">...</a> is not clickable at point (175, 253). Other element would receive the click: <a href="/gp/browse.html?node=1968093031&amp;ref_=nav_em_sbc_mfashion_shirts_0_2_10_4" class="hmenu-item">...</a>
  (Session info: chrome=151.0.7922.76)
Build info: version: '4.24.0', revision: '748ffc9bc3'
System info: os.name: 'Windows 11', os.arch: 'amd64', os.version: '10.0', java.version: '21.0.11'
Driver info: org.openqa.selenium.chrome.ChromeDriver
Command: [c5143c110357053e57d1a852573fbe10, clickElement {id=f.330DE7664A6D74E450D4636F88336C14.d.7B5DA897754B3AB93F44D98B222DFDAD.e.1273}]
Capabilities {acceptInsecureCerts: false, browserName: chrome, browserVersion: 151.0.7922.76, chrome: {chromedriverVersion: 151.0.7922.77 (ff37cfca2101..., userDataDir: C:\Users\Dell\AppData\Local...}, fedcm:accounts: true, goog:chromeOptions: {debuggerAddress: localhost:63372}, goog:processID: 9120, networkConnectionEnabled: false, pageLoadStrategy: normal, platformName: windows, proxy: Proxy(), se:cdp: ws://localhost:63372/devtoo..., se:cdpVersion: 151.0.7922.76, setWindowRect: true, strictFileInteractability: false, timeouts: {implicit: 0, pageLoad: 300000, script: 30000}, unhandledPromptBehavior: dismiss and notify, webauthn:extension:credBlob: true, webauthn:extension:largeBlob: true, webauthn:extension:minPinLength: true, webauthn:extension:prf: true, webauthn:virtualAuthenticators: true}
Element: [[ChromeDriver: chrome on windows (c5143c110357053e57d1a852573fbe10)] -> xpath: //a[@class='hmenu-item' and text()='Shirts'][1]]
Session ID: c5143c110357053e57d1a852573fbe10
2026-08-10 10:33:59 INFO  Utils - [TestNG] Running:
  C:\Users\Dell\AppData\Local\JetBrains\IntelliJIdea2026.1\temp-testng-customsuite.xml

2026-08-10 10:33:59 INFO  BaseTest - =========================================================
2026-08-10 10:33:59 INFO  PropertyUtils - Loaded base configuration from [C:\Users\Dell\Documents\selenium-java-framework\src\main\resources\config.properties]
2026-08-10 10:33:59 INFO  PropertyUtils - Applied environment overrides for [qa] from [C:\Users\Dell\Documents\selenium-java-framework\src\main\resources\config-qa.properties]
2026-08-10 10:33:59 INFO  BaseTest -  TEST SUITE EXECUTION STARTED | environment=[qa] | browser=[chrome]
2026-08-10 10:33:59 INFO  BaseTest - =========================================================
2026-08-10 10:33:59 INFO  BaseTest - ---- Starting test [validLogin] on thread [1] ----
2026-08-10 10:33:59 INFO  DriverFactory - Initializing WebDriver | browser=[chrome] | headless=[false] | thread=[1]
2026-08-10 10:34:03 INFO  WebDriverManager - Using chromedriver 151.0.7922.77 (resolved driver for Chrome 151)
2026-08-10 10:34:03 INFO  WebDriverManager - Exporting webdriver.chrome.driver as C:\Users\Dell\.cache\selenium\chromedriver\win64\151.0.7922.77\chromedriver.exe
2026-08-10 10:34:14 INFO  DriverFactory - WebDriver ready | browser=[chrome] | thread=[1]
2026-08-10 10:34:14 INFO  BaseTest - Navigating to application URL: [https://www.amazon.in/]
2026-08-10 10:34:28 WARN  BasePage - Native click intercepted for [[[ChromeDriver: chrome on windows (a9de0cbdb0bbd1554fef5ec2e5407b70)] -> xpath: //a[@class='hmenu-item' and text()='Shirts'][1]]], retrying via JavaScript click: element click intercepted: Element <a href="/gp/browse.html?node=1968093031&amp;ref_=nav_em_sbc_mfashion_shirts_0_2_10_4" class="hmenu-item">...</a> is not clickable at point (122, 253). Other element would receive the click: <a href="/gp/browse.html?node=1968093031&amp;ref_=nav_em_sbc_mfashion_shirts_0_2_10_4" class="hmenu-item">...</a>
  (Session info: chrome=151.0.7922.76)
Build info: version: '4.24.0', revision: '748ffc9bc3'
System info: os.name: 'Windows 11', os.arch: 'amd64', os.version: '10.0', java.version: '21.0.11'
Driver info: org.openqa.selenium.chrome.ChromeDriver
Command: [a9de0cbdb0bbd1554fef5ec2e5407b70, clickElement {id=f.54C903F2CF23666B4A14A6AEE8C5C070.d.665E5021BF314A6A7927441B87F177ED.e.960}]
Capabilities {acceptInsecureCerts: false, browserName: chrome, browserVersion: 151.0.7922.76, chrome: {chromedriverVersion: 151.0.7922.77 (ff37cfca2101..., userDataDir: C:\Users\Dell\AppData\Local...}, fedcm:accounts: true, goog:chromeOptions: {debuggerAddress: localhost:58728}, goog:processID: 6012, networkConnectionEnabled: false, pageLoadStrategy: normal, platformName: windows, proxy: Proxy(), se:cdp: ws://localhost:58728/devtoo..., se:cdpVersion: 151.0.7922.76, setWindowRect: true, strictFileInteractability: false, timeouts: {implicit: 0, pageLoad: 300000, script: 30000}, unhandledPromptBehavior: dismiss and notify, webauthn:extension:credBlob: true, webauthn:extension:largeBlob: true, webauthn:extension:minPinLength: true, webauthn:extension:prf: true, webauthn:virtualAuthenticators: true}
Element: [[ChromeDriver: chrome on windows (a9de0cbdb0bbd1554fef5ec2e5407b70)] -> xpath: //a[@class='hmenu-item' and text()='Shirts'][1]]
Session ID: a9de0cbdb0bbd1554fef5ec2e5407b70
2026-08-10 14:51:37 INFO  Utils - [Utils] MethodGroupsHelper.collectMethodsByGroup() took 5 ms.
2026-08-10 14:51:37 INFO  Utils - [Utils] MethodGroupsHelper.sortMethods() took 9 ms.
2026-08-10 14:51:37 INFO  Utils - [Utils] MethodGroupsHelper.collectMethodsByGroup() took 1 ms.
2026-08-10 14:51:37 INFO  Utils - [Utils] MethodGroupsHelper.sortMethods() took 0 ms.
2026-08-10 14:51:37 INFO  Utils - [Utils] MethodGroupsHelper.collectMethodsByGroup() took 0 ms.
2026-08-10 14:51:37 INFO  Utils - [Utils] MethodGroupsHelper.sortMethods() took 0 ms.
2026-08-10 14:51:37 INFO  Utils - [Utils] MethodGroupsHelper.collectMethodsByGroup() took 0 ms.
2026-08-10 14:51:37 INFO  Utils - [Utils] MethodGroupsHelper.sortMethods() took 0 ms.
2026-08-10 14:51:37 INFO  Utils - [Utils] MethodGroupsHelper.collectMethodsByGroup() took 0 ms.
2026-08-10 14:51:37 INFO  Utils - [Utils] MethodGroupsHelper.sortMethods() took 0 ms.
2026-08-10 14:51:37 INFO  Utils - [Utils] MethodGroupsHelper.collectMethodsByGroup() took 0 ms.
2026-08-10 14:51:37 INFO  Utils - [Utils] MethodGroupsHelper.sortMethods() took 0 ms.
2026-08-10 14:51:37 INFO  Utils - [Utils] MethodGroupsHelper.collectMethodsByGroup() took 0 ms.
2026-08-10 14:51:37 INFO  Utils - [Utils] MethodGroupsHelper.sortMethods() took 0 ms.
2026-08-10 14:51:37 INFO  Utils - [Utils] MethodGroupsHelper.collectMethodsByGroup() took 0 ms.
2026-08-10 14:51:37 INFO  Utils - [Utils] MethodGroupsHelper.sortMethods() took 0 ms.
2026-08-10 14:51:37 INFO  Utils - [Utils] MethodGroupsHelper.collectMethodsByGroup() took 0 ms.
2026-08-10 14:51:37 INFO  Utils - [Utils] MethodGroupsHelper.sortMethods() took 0 ms.
2026-08-10 14:51:37 INFO  Utils - [Utils] MethodGroupsHelper.collectMethodsByGroup() took 0 ms.
2026-08-10 14:51:37 INFO  Utils - [Utils] MethodGroupsHelper.sortMethods() took 0 ms.
2026-08-10 14:51:37 INFO  Utils - [Utils] MethodGroupsHelper.collectMethodsByGroup() took 0 ms.
2026-08-10 14:51:37 INFO  Utils - [Utils] MethodGroupsHelper.sortMethods() took 0 ms.
2026-08-10 14:51:37 INFO  Utils - [Utils] MethodGroupsHelper.collectMethodsByGroup() took 0 ms.
2026-08-10 14:51:37 INFO  Utils - [Utils] MethodGroupsHelper.sortMethods() took 0 ms.
2026-08-10 14:51:37 INFO  Utils - [Utils] MethodGroupsHelper.collectMethodsByGroup() took 5 ms.
2026-08-10 14:51:37 INFO  Utils - [Utils] MethodGroupsHelper.sortMethods() took 0 ms.
2026-08-10 14:51:37 INFO  Utils - [Utils] MethodGroupsHelper.collectMethodsByGroup() took 0 ms.
2026-08-10 14:51:37 INFO  Utils - [Utils] MethodGroupsHelper.sortMethods() took 0 ms.
2026-08-10 14:51:37 INFO  Utils - [Utils] MethodGroupsHelper.collectMethodsByGroup() took 0 ms.
2026-08-10 14:51:37 INFO  Utils - [Utils] MethodGroupsHelper.sortMethods() took 0 ms.
2026-08-10 14:51:37 INFO  Utils - [TestNG] Running:
  C:\Users\User\AppData\Local\Temp\testng-eclipse-1440834448\testng-customsuite.xml

2026-08-10 14:51:37 INFO  BaseTest - =========================================================
2026-08-10 14:51:37 INFO  PropertyUtils - Loaded base configuration from [D:\selenium-java-framework\src\main\resources\config.properties]
2026-08-10 14:51:37 INFO  PropertyUtils - Applied environment overrides for [qa] from [D:\selenium-java-framework\src\main\resources\config-qa.properties]
2026-08-10 14:51:37 INFO  BaseTest -  TEST SUITE EXECUTION STARTED | environment=[qa] | browser=[chrome]
2026-08-10 14:51:37 INFO  BaseTest - =========================================================
2026-08-10 14:51:37 INFO  Utils - [Utils] DynamicGraphHelper.createDynamicGraph() took 6 ms.
2026-08-10 14:51:37 INFO  BaseTest - ---- Starting test [verifyNavigationToBestSellersPage] on thread [1] ----
2026-08-10 14:51:37 INFO  DriverFactory - Initializing WebDriver | browser=[chrome] | headless=[false] | thread=[1]
2026-08-10 14:52:00 INFO  WebDriverManager - Using chromedriver 151.0.7922.77 (resolved driver for Chrome 151)
2026-08-10 14:52:00 INFO  Downloader - Downloading https://storage.googleapis.com/chrome-for-testing-public/151.0.7922.77/win64/chromedriver-win64.zip
2026-08-10 14:52:03 INFO  Downloader - Extracting driver from compressed file chromedriver-win64.zip
2026-08-10 14:52:03 INFO  WebDriverManager - Exporting webdriver.chrome.driver as C:\Users\User\.cache\selenium\chromedriver\win64\151.0.7922.77\chromedriver.exe
2026-08-10 14:52:05 INFO  DriverFactory - WebDriver ready | browser=[chrome] | thread=[1]
2026-08-10 14:52:05 INFO  BaseTest - Navigating to application URL: [https://www.amazon.in/]
2026-08-10 14:52:09 INFO  Utils - [TestNG] Time taken by org.testng.reporters.jq.Main@2eda072: 62 ms
2026-08-10 14:52:09 INFO  Utils - [TestNG] Time taken by org.testng.reporters.FailedReporter@3fa21d49: 0 ms
2026-08-10 14:52:09 INFO  Utils - [TestNG] Time taken by org.testng.reporters.XMLReporter@2d0b05: 13 ms
2026-08-10 14:52:09 INFO  Utils - [TestNG] Time taken by org.testng.reporters.EmailableReporter2@39c85c1a: 15 ms
2026-08-10 14:52:09 INFO  Utils - [TestNG] Time taken by org.testng.reporters.JUnitReportReporter@4570d7b6: 19 ms
2026-08-10 14:52:09 INFO  Utils - [TestNG] Time taken by org.testng.internal.ExitCodeListener@72b6832e: 0 ms
2026-08-10 15:35:30 INFO  Utils - [Utils] MethodGroupsHelper.collectMethodsByGroup() took 12 ms.
2026-08-10 15:35:30 INFO  Utils - [Utils] MethodGroupsHelper.sortMethods() took 27 ms.
2026-08-10 15:35:30 INFO  Utils - [Utils] MethodGroupsHelper.collectMethodsByGroup() took 0 ms.
2026-08-10 15:35:30 INFO  Utils - [Utils] MethodGroupsHelper.sortMethods() took 0 ms.
2026-08-10 15:35:30 INFO  Utils - [Utils] MethodGroupsHelper.collectMethodsByGroup() took 0 ms.
2026-08-10 15:35:30 INFO  Utils - [Utils] MethodGroupsHelper.sortMethods() took 0 ms.
2026-08-10 15:35:30 INFO  Utils - [Utils] MethodGroupsHelper.collectMethodsByGroup() took 0 ms.
2026-08-10 15:35:30 INFO  Utils - [Utils] MethodGroupsHelper.sortMethods() took 0 ms.
2026-08-10 15:35:30 INFO  Utils - [Utils] MethodGroupsHelper.collectMethodsByGroup() took 0 ms.
2026-08-10 15:35:30 INFO  Utils - [Utils] MethodGroupsHelper.sortMethods() took 0 ms.
2026-08-10 15:35:30 INFO  Utils - [Utils] MethodGroupsHelper.collectMethodsByGroup() took 0 ms.
2026-08-10 15:35:30 INFO  Utils - [Utils] MethodGroupsHelper.sortMethods() took 0 ms.
2026-08-10 15:35:30 INFO  Utils - [Utils] MethodGroupsHelper.collectMethodsByGroup() took 0 ms.
2026-08-10 15:35:30 INFO  Utils - [Utils] MethodGroupsHelper.sortMethods() took 0 ms.
2026-08-10 15:35:30 INFO  Utils - [Utils] MethodGroupsHelper.collectMethodsByGroup() took 0 ms.
2026-08-10 15:35:30 INFO  Utils - [Utils] MethodGroupsHelper.sortMethods() took 0 ms.
2026-08-10 15:35:30 INFO  Utils - [Utils] MethodGroupsHelper.collectMethodsByGroup() took 0 ms.
2026-08-10 15:35:30 INFO  Utils - [Utils] MethodGroupsHelper.sortMethods() took 0 ms.
2026-08-10 15:35:30 INFO  Utils - [Utils] MethodGroupsHelper.collectMethodsByGroup() took 0 ms.
2026-08-10 15:35:30 INFO  Utils - [Utils] MethodGroupsHelper.sortMethods() took 1 ms.
2026-08-10 15:35:30 INFO  Utils - [Utils] MethodGroupsHelper.collectMethodsByGroup() took 0 ms.
2026-08-10 15:35:30 INFO  Utils - [Utils] MethodGroupsHelper.sortMethods() took 1 ms.
2026-08-10 15:35:30 INFO  Utils - [Utils] MethodGroupsHelper.collectMethodsByGroup() took 0 ms.
2026-08-10 15:35:30 INFO  Utils - [Utils] MethodGroupsHelper.sortMethods() took 0 ms.
2026-08-10 15:35:30 INFO  Utils - [Utils] MethodGroupsHelper.collectMethodsByGroup() took 17 ms.
2026-08-10 15:35:30 INFO  Utils - [Utils] MethodGroupsHelper.sortMethods() took 1 ms.
2026-08-10 15:35:30 INFO  Utils - [Utils] MethodGroupsHelper.collectMethodsByGroup() took 0 ms.
2026-08-10 15:35:30 INFO  Utils - [Utils] MethodGroupsHelper.sortMethods() took 0 ms.
2026-08-10 15:35:30 INFO  Utils - [Utils] MethodGroupsHelper.collectMethodsByGroup() took 0 ms.
2026-08-10 15:35:30 INFO  Utils - [Utils] MethodGroupsHelper.sortMethods() took 0 ms.
2026-08-10 15:35:30 INFO  Utils - [TestNG] Running:
  C:\Users\User\AppData\Local\Temp\testng-eclipse--1211962428\testng-customsuite.xml

2026-08-10 15:35:30 INFO  BaseTest - =========================================================
2026-08-10 15:35:30 INFO  PropertyUtils - Loaded base configuration from [D:\selenium-java-framework\src\main\resources\config.properties]
2026-08-10 15:35:30 INFO  PropertyUtils - Applied environment overrides for [qa] from [D:\selenium-java-framework\src\main\resources\config-qa.properties]
2026-08-10 15:35:30 INFO  BaseTest -  TEST SUITE EXECUTION STARTED | environment=[qa] | browser=[chrome]
2026-08-10 15:35:30 INFO  BaseTest - =========================================================
2026-08-10 15:35:30 INFO  Utils - [Utils] DynamicGraphHelper.createDynamicGraph() took 9 ms.
2026-08-10 15:35:30 INFO  BaseTest - ---- Starting test [verifyAddToCartFromCategory] on thread [1] ----
2026-08-10 15:35:30 INFO  DriverFactory - Initializing WebDriver | browser=[chrome] | headless=[false] | thread=[1]
2026-08-10 15:35:31 INFO  WebDriverManager - Using chromedriver 151.0.7922.77 (resolved driver for Chrome 151)
2026-08-10 15:35:31 INFO  WebDriverManager - Exporting webdriver.chrome.driver as C:\Users\User\.cache\selenium\chromedriver\win64\151.0.7922.77\chromedriver.exe
2026-08-10 15:35:34 INFO  DriverFactory - WebDriver ready | browser=[chrome] | thread=[1]
2026-08-10 15:35:34 INFO  BaseTest - Navigating to application URL: [https://www.amazon.in/]
2026-08-10 15:36:19 INFO  DriverManager - WebDriver session quit successfully on thread [1]
2026-08-10 15:36:19 INFO  BaseTest - ---- Finished test on thread [1], WebDriver session closed ----
2026-08-10 15:36:19 INFO  BaseTest - =========================================================
2026-08-10 15:36:19 INFO  BaseTest -  TEST SUITE EXECUTION FINISHED
2026-08-10 15:36:19 INFO  BaseTest - =========================================================
2026-08-10 15:36:19 INFO  Utils - [TestNG] Time taken by org.testng.reporters.jq.Main@6419a0e1: 134 ms
2026-08-10 15:36:19 INFO  Utils - [TestNG] Time taken by org.testng.reporters.FailedReporter@280d4882: 1 ms
2026-08-10 15:36:19 INFO  Utils - [TestNG] Time taken by org.testng.reporters.XMLReporter@1e3e1014: 20 ms
2026-08-10 15:36:19 INFO  Utils - [TestNG] Time taken by org.testng.reporters.EmailableReporter2@1b5a1d85: 18 ms
2026-08-10 15:36:19 INFO  Utils - [TestNG] Time taken by org.testng.reporters.JUnitReportReporter@2513a118: 13 ms
2026-08-10 15:36:19 INFO  Utils - [TestNG] Time taken by org.testng.internal.ExitCodeListener@2bfb583b: 0 ms
2026-08-10 15:39:32 INFO  Utils - [Utils] MethodGroupsHelper.collectMethodsByGroup() took 7 ms.
2026-08-10 15:39:32 INFO  Utils - [Utils] MethodGroupsHelper.sortMethods() took 24 ms.
2026-08-10 15:39:32 INFO  Utils - [Utils] MethodGroupsHelper.collectMethodsByGroup() took 0 ms.
2026-08-10 15:39:32 INFO  Utils - [Utils] MethodGroupsHelper.sortMethods() took 0 ms.
2026-08-10 15:39:32 INFO  Utils - [Utils] MethodGroupsHelper.collectMethodsByGroup() took 0 ms.
2026-08-10 15:39:32 INFO  Utils - [Utils] MethodGroupsHelper.sortMethods() took 0 ms.
2026-08-10 15:39:32 INFO  Utils - [Utils] MethodGroupsHelper.collectMethodsByGroup() took 0 ms.
2026-08-10 15:39:32 INFO  Utils - [Utils] MethodGroupsHelper.sortMethods() took 0 ms.
2026-08-10 15:39:32 INFO  Utils - [Utils] MethodGroupsHelper.collectMethodsByGroup() took 0 ms.
2026-08-10 15:39:32 INFO  Utils - [Utils] MethodGroupsHelper.sortMethods() took 0 ms.
2026-08-10 15:39:32 INFO  Utils - [Utils] MethodGroupsHelper.collectMethodsByGroup() took 0 ms.
2026-08-10 15:39:32 INFO  Utils - [Utils] MethodGroupsHelper.sortMethods() took 0 ms.
2026-08-10 15:39:32 INFO  Utils - [Utils] MethodGroupsHelper.collectMethodsByGroup() took 0 ms.
2026-08-10 15:39:32 INFO  Utils - [Utils] MethodGroupsHelper.sortMethods() took 0 ms.
2026-08-10 15:39:32 INFO  Utils - [Utils] MethodGroupsHelper.collectMethodsByGroup() took 0 ms.
2026-08-10 15:39:32 INFO  Utils - [Utils] MethodGroupsHelper.sortMethods() took 0 ms.
2026-08-10 15:39:32 INFO  Utils - [Utils] MethodGroupsHelper.collectMethodsByGroup() took 0 ms.
2026-08-10 15:39:32 INFO  Utils - [Utils] MethodGroupsHelper.sortMethods() took 0 ms.
2026-08-10 15:39:32 INFO  Utils - [Utils] MethodGroupsHelper.collectMethodsByGroup() took 0 ms.
2026-08-10 15:39:32 INFO  Utils - [Utils] MethodGroupsHelper.sortMethods() took 1 ms.
2026-08-10 15:39:32 INFO  Utils - [Utils] MethodGroupsHelper.collectMethodsByGroup() took 0 ms.
2026-08-10 15:39:32 INFO  Utils - [Utils] MethodGroupsHelper.sortMethods() took 1 ms.
2026-08-10 15:39:32 INFO  Utils - [Utils] MethodGroupsHelper.collectMethodsByGroup() took 0 ms.
2026-08-10 15:39:32 INFO  Utils - [Utils] MethodGroupsHelper.sortMethods() took 0 ms.
2026-08-10 15:39:32 INFO  Utils - [Utils] MethodGroupsHelper.collectMethodsByGroup() took 19 ms.
2026-08-10 15:39:32 INFO  Utils - [Utils] MethodGroupsHelper.sortMethods() took 1 ms.
2026-08-10 15:39:32 INFO  Utils - [Utils] MethodGroupsHelper.collectMethodsByGroup() took 0 ms.
2026-08-10 15:39:32 INFO  Utils - [Utils] MethodGroupsHelper.sortMethods() took 0 ms.
2026-08-10 15:39:32 INFO  Utils - [Utils] MethodGroupsHelper.collectMethodsByGroup() took 0 ms.
2026-08-10 15:39:32 INFO  Utils - [Utils] MethodGroupsHelper.sortMethods() took 0 ms.
2026-08-10 15:39:32 INFO  Utils - [TestNG] Running:
  C:\Users\User\AppData\Local\Temp\testng-eclipse--1728343069\testng-customsuite.xml

2026-08-10 15:39:32 INFO  BaseTest - =========================================================
2026-08-10 15:39:33 INFO  PropertyUtils - Loaded base configuration from [D:\selenium-java-framework\src\main\resources\config.properties]
2026-08-10 15:39:33 INFO  PropertyUtils - Applied environment overrides for [qa] from [D:\selenium-java-framework\src\main\resources\config-qa.properties]
2026-08-10 15:39:33 INFO  BaseTest -  TEST SUITE EXECUTION STARTED | environment=[qa] | browser=[chrome]
2026-08-10 15:39:33 INFO  BaseTest - =========================================================
2026-08-10 15:39:33 INFO  Utils - [Utils] DynamicGraphHelper.createDynamicGraph() took 10 ms.
2026-08-10 15:39:33 INFO  BaseTest - ---- Starting test [verifyAddToCartFromCategory] on thread [1] ----
2026-08-10 15:39:33 INFO  DriverFactory - Initializing WebDriver | browser=[chrome] | headless=[false] | thread=[1]
2026-08-10 15:39:34 INFO  WebDriverManager - Using chromedriver 151.0.7922.77 (resolved driver for Chrome 151)
2026-08-10 15:39:34 INFO  WebDriverManager - Exporting webdriver.chrome.driver as C:\Users\User\.cache\selenium\chromedriver\win64\151.0.7922.77\chromedriver.exe
2026-08-10 15:39:36 INFO  DriverFactory - WebDriver ready | browser=[chrome] | thread=[1]
2026-08-10 15:39:36 INFO  BaseTest - Navigating to application URL: [https://www.amazon.in/]
2026-08-10 15:40:07 INFO  DriverManager - WebDriver session quit successfully on thread [1]
2026-08-10 15:40:07 INFO  BaseTest - ---- Finished test on thread [1], WebDriver session closed ----
2026-08-10 15:40:07 INFO  BaseTest - =========================================================
2026-08-10 15:40:07 INFO  BaseTest -  TEST SUITE EXECUTION FINISHED
2026-08-10 15:40:07 INFO  BaseTest - =========================================================
2026-08-10 15:40:08 INFO  Utils - [TestNG] Time taken by org.testng.reporters.jq.Main@600f5704: 143 ms
2026-08-10 15:40:08 INFO  Utils - [TestNG] Time taken by org.testng.reporters.FailedReporter@65d8dff8: 72 ms
2026-08-10 15:40:08 INFO  Utils - [TestNG] Time taken by org.testng.reporters.XMLReporter@1b7332a7: 27 ms
2026-08-10 15:40:08 INFO  Utils - [TestNG] Time taken by org.testng.reporters.EmailableReporter2@7b66322e: 32 ms
2026-08-10 15:40:08 INFO  Utils - [TestNG] Time taken by org.testng.reporters.JUnitReportReporter@767f6ee7: 39 ms
2026-08-10 15:40:08 INFO  Utils - [TestNG] Time taken by org.testng.internal.ExitCodeListener@7b6c6e70: 0 ms
2026-08-10 15:40:32 INFO  Utils - [Utils] MethodGroupsHelper.collectMethodsByGroup() took 9 ms.
2026-08-10 15:40:32 INFO  Utils - [Utils] MethodGroupsHelper.sortMethods() took 21 ms.
2026-08-10 15:40:32 INFO  Utils - [Utils] MethodGroupsHelper.collectMethodsByGroup() took 0 ms.
2026-08-10 15:40:32 INFO  Utils - [Utils] MethodGroupsHelper.sortMethods() took 1 ms.
2026-08-10 15:40:32 INFO  Utils - [Utils] MethodGroupsHelper.collectMethodsByGroup() took 0 ms.
2026-08-10 15:40:32 INFO  Utils - [Utils] MethodGroupsHelper.sortMethods() took 0 ms.
2026-08-10 15:40:32 INFO  Utils - [Utils] MethodGroupsHelper.collectMethodsByGroup() took 0 ms.
2026-08-10 15:40:32 INFO  Utils - [Utils] MethodGroupsHelper.sortMethods() took 0 ms.
2026-08-10 15:40:32 INFO  Utils - [Utils] MethodGroupsHelper.collectMethodsByGroup() took 0 ms.
2026-08-10 15:40:32 INFO  Utils - [Utils] MethodGroupsHelper.sortMethods() took 0 ms.
2026-08-10 15:40:32 INFO  Utils - [Utils] MethodGroupsHelper.collectMethodsByGroup() took 0 ms.
2026-08-10 15:40:32 INFO  Utils - [Utils] MethodGroupsHelper.sortMethods() took 0 ms.
2026-08-10 15:40:32 INFO  Utils - [Utils] MethodGroupsHelper.collectMethodsByGroup() took 0 ms.
2026-08-10 15:40:32 INFO  Utils - [Utils] MethodGroupsHelper.sortMethods() took 0 ms.
2026-08-10 15:40:32 INFO  Utils - [Utils] MethodGroupsHelper.collectMethodsByGroup() took 0 ms.
2026-08-10 15:40:32 INFO  Utils - [Utils] MethodGroupsHelper.sortMethods() took 0 ms.
2026-08-10 15:40:32 INFO  Utils - [Utils] MethodGroupsHelper.collectMethodsByGroup() took 0 ms.
2026-08-10 15:40:32 INFO  Utils - [Utils] MethodGroupsHelper.sortMethods() took 0 ms.
2026-08-10 15:40:32 INFO  Utils - [Utils] MethodGroupsHelper.collectMethodsByGroup() took 0 ms.
2026-08-10 15:40:32 INFO  Utils - [Utils] MethodGroupsHelper.sortMethods() took 0 ms.
2026-08-10 15:40:32 INFO  Utils - [Utils] MethodGroupsHelper.collectMethodsByGroup() took 0 ms.
2026-08-10 15:40:32 INFO  Utils - [Utils] MethodGroupsHelper.sortMethods() took 0 ms.
2026-08-10 15:40:32 INFO  Utils - [Utils] MethodGroupsHelper.collectMethodsByGroup() took 0 ms.
2026-08-10 15:40:32 INFO  Utils - [Utils] MethodGroupsHelper.sortMethods() took 0 ms.
2026-08-10 15:40:32 INFO  Utils - [Utils] MethodGroupsHelper.collectMethodsByGroup() took 15 ms.
2026-08-10 15:40:32 INFO  Utils - [Utils] MethodGroupsHelper.sortMethods() took 0 ms.
2026-08-10 15:40:32 INFO  Utils - [Utils] MethodGroupsHelper.collectMethodsByGroup() took 0 ms.
2026-08-10 15:40:32 INFO  Utils - [Utils] MethodGroupsHelper.sortMethods() took 0 ms.
2026-08-10 15:40:32 INFO  Utils - [Utils] MethodGroupsHelper.collectMethodsByGroup() took 0 ms.
2026-08-10 15:40:32 INFO  Utils - [Utils] MethodGroupsHelper.sortMethods() took 2 ms.
2026-08-10 15:40:32 INFO  Utils - [TestNG] Running:
  C:\Users\User\AppData\Local\Temp\testng-eclipse--1399690887\testng-customsuite.xml

2026-08-10 15:40:32 INFO  BaseTest - =========================================================
2026-08-10 15:40:32 INFO  PropertyUtils - Loaded base configuration from [D:\selenium-java-framework\src\main\resources\config.properties]
2026-08-10 15:40:32 INFO  PropertyUtils - Applied environment overrides for [qa] from [D:\selenium-java-framework\src\main\resources\config-qa.properties]
2026-08-10 15:40:32 INFO  BaseTest -  TEST SUITE EXECUTION STARTED | environment=[qa] | browser=[chrome]
2026-08-10 15:40:32 INFO  BaseTest - =========================================================
2026-08-10 15:40:32 INFO  Utils - [Utils] DynamicGraphHelper.createDynamicGraph() took 9 ms.
2026-08-10 15:40:32 INFO  BaseTest - ---- Starting test [verifyAddToCartFromCategory] on thread [1] ----
2026-08-10 15:40:32 INFO  DriverFactory - Initializing WebDriver | browser=[chrome] | headless=[false] | thread=[1]
2026-08-10 15:40:33 INFO  WebDriverManager - Using chromedriver 151.0.7922.77 (resolved driver for Chrome 151)
2026-08-10 15:40:33 INFO  WebDriverManager - Exporting webdriver.chrome.driver as C:\Users\User\.cache\selenium\chromedriver\win64\151.0.7922.77\chromedriver.exe
2026-08-10 15:40:35 INFO  DriverFactory - WebDriver ready | browser=[chrome] | thread=[1]
2026-08-10 15:40:35 INFO  BaseTest - Navigating to application URL: [https://www.amazon.in/]
2026-08-10 15:41:24 INFO  DriverManager - WebDriver session quit successfully on thread [1]
2026-08-10 15:41:24 INFO  BaseTest - ---- Finished test on thread [1], WebDriver session closed ----
2026-08-10 15:41:24 INFO  BaseTest - =========================================================
2026-08-10 15:41:24 INFO  BaseTest -  TEST SUITE EXECUTION FINISHED
2026-08-10 15:41:24 INFO  BaseTest - =========================================================
2026-08-10 15:41:24 INFO  Utils - [TestNG] Time taken by org.testng.reporters.jq.Main@6419a0e1: 113 ms
2026-08-10 15:41:24 INFO  Utils - [TestNG] Time taken by org.testng.reporters.FailedReporter@280d4882: 1 ms
2026-08-10 15:41:24 INFO  Utils - [TestNG] Time taken by org.testng.reporters.XMLReporter@1e3e1014: 20 ms
2026-08-10 15:41:24 INFO  Utils - [TestNG] Time taken by org.testng.reporters.EmailableReporter2@1b5a1d85: 19 ms
2026-08-10 15:41:24 INFO  Utils - [TestNG] Time taken by org.testng.reporters.JUnitReportReporter@2513a118: 20 ms
2026-08-10 15:41:24 INFO  Utils - [TestNG] Time taken by org.testng.internal.ExitCodeListener@2bfb583b: 1 ms
2026-08-10 15:44:42 INFO  Utils - [Utils] MethodGroupsHelper.collectMethodsByGroup() took 10 ms.
2026-08-10 15:44:42 INFO  Utils - [Utils] MethodGroupsHelper.sortMethods() took 23 ms.
2026-08-10 15:44:42 INFO  Utils - [Utils] MethodGroupsHelper.collectMethodsByGroup() took 0 ms.
2026-08-10 15:44:42 INFO  Utils - [Utils] MethodGroupsHelper.sortMethods() took 0 ms.
2026-08-10 15:44:42 INFO  Utils - [Utils] MethodGroupsHelper.collectMethodsByGroup() took 0 ms.
2026-08-10 15:44:42 INFO  Utils - [Utils] MethodGroupsHelper.sortMethods() took 0 ms.
2026-08-10 15:44:42 INFO  Utils - [Utils] MethodGroupsHelper.collectMethodsByGroup() took 0 ms.
2026-08-10 15:44:42 INFO  Utils - [Utils] MethodGroupsHelper.sortMethods() took 0 ms.
2026-08-10 15:44:42 INFO  Utils - [Utils] MethodGroupsHelper.collectMethodsByGroup() took 0 ms.
2026-08-10 15:44:42 INFO  Utils - [Utils] MethodGroupsHelper.sortMethods() took 0 ms.
2026-08-10 15:44:42 INFO  Utils - [Utils] MethodGroupsHelper.collectMethodsByGroup() took 0 ms.
2026-08-10 15:44:42 INFO  Utils - [Utils] MethodGroupsHelper.sortMethods() took 0 ms.
2026-08-10 15:44:42 INFO  Utils - [Utils] MethodGroupsHelper.collectMethodsByGroup() took 0 ms.
2026-08-10 15:44:42 INFO  Utils - [Utils] MethodGroupsHelper.sortMethods() took 0 ms.
2026-08-10 15:44:42 INFO  Utils - [Utils] MethodGroupsHelper.collectMethodsByGroup() took 0 ms.
2026-08-10 15:44:42 INFO  Utils - [Utils] MethodGroupsHelper.sortMethods() took 0 ms.
2026-08-10 15:44:42 INFO  Utils - [Utils] MethodGroupsHelper.collectMethodsByGroup() took 0 ms.
2026-08-10 15:44:42 INFO  Utils - [Utils] MethodGroupsHelper.sortMethods() took 0 ms.
2026-08-10 15:44:42 INFO  Utils - [Utils] MethodGroupsHelper.collectMethodsByGroup() took 0 ms.
2026-08-10 15:44:42 INFO  Utils - [Utils] MethodGroupsHelper.sortMethods() took 0 ms.
2026-08-10 15:44:42 INFO  Utils - [Utils] MethodGroupsHelper.collectMethodsByGroup() took 0 ms.
2026-08-10 15:44:42 INFO  Utils - [Utils] MethodGroupsHelper.sortMethods() took 1 ms.
2026-08-10 15:44:42 INFO  Utils - [Utils] MethodGroupsHelper.collectMethodsByGroup() took 0 ms.
2026-08-10 15:44:42 INFO  Utils - [Utils] MethodGroupsHelper.sortMethods() took 0 ms.
2026-08-10 15:44:42 INFO  Utils - [Utils] MethodGroupsHelper.collectMethodsByGroup() took 17 ms.
2026-08-10 15:44:42 INFO  Utils - [Utils] MethodGroupsHelper.sortMethods() took 1 ms.
2026-08-10 15:44:42 INFO  Utils - [Utils] MethodGroupsHelper.collectMethodsByGroup() took 0 ms.
2026-08-10 15:44:42 INFO  Utils - [Utils] MethodGroupsHelper.sortMethods() took 0 ms.
2026-08-10 15:44:42 INFO  Utils - [Utils] MethodGroupsHelper.collectMethodsByGroup() took 0 ms.
2026-08-10 15:44:42 INFO  Utils - [Utils] MethodGroupsHelper.sortMethods() took 1 ms.
2026-08-10 15:44:42 INFO  Utils - [TestNG] Running:
  C:\Users\User\AppData\Local\Temp\testng-eclipse-2107278368\testng-customsuite.xml

2026-08-10 15:44:42 INFO  BaseTest - =========================================================
2026-08-10 15:44:42 INFO  PropertyUtils - Loaded base configuration from [D:\selenium-java-framework\src\main\resources\config.properties]
2026-08-10 15:44:42 INFO  PropertyUtils - Applied environment overrides for [qa] from [D:\selenium-java-framework\src\main\resources\config-qa.properties]
2026-08-10 15:44:42 INFO  BaseTest -  TEST SUITE EXECUTION STARTED | environment=[qa] | browser=[chrome]
2026-08-10 15:44:42 INFO  BaseTest - =========================================================
2026-08-10 15:44:42 INFO  Utils - [Utils] DynamicGraphHelper.createDynamicGraph() took 12 ms.
2026-08-10 15:44:42 INFO  BaseTest - ---- Starting test [verifyAddToCartFromCategory] on thread [1] ----
2026-08-10 15:44:42 INFO  DriverFactory - Initializing WebDriver | browser=[chrome] | headless=[false] | thread=[1]
2026-08-10 15:44:43 INFO  WebDriverManager - Using chromedriver 151.0.7922.77 (resolved driver for Chrome 151)
2026-08-10 15:44:43 INFO  WebDriverManager - Exporting webdriver.chrome.driver as C:\Users\User\.cache\selenium\chromedriver\win64\151.0.7922.77\chromedriver.exe
2026-08-10 15:53:39 INFO  Utils - [Utils] MethodGroupsHelper.collectMethodsByGroup() took 10 ms.
2026-08-10 15:53:39 INFO  Utils - [Utils] MethodGroupsHelper.sortMethods() took 20 ms.
2026-08-10 15:53:39 INFO  Utils - [Utils] MethodGroupsHelper.collectMethodsByGroup() took 0 ms.
2026-08-10 15:53:39 INFO  Utils - [Utils] MethodGroupsHelper.sortMethods() took 0 ms.
2026-08-10 15:53:39 INFO  Utils - [Utils] MethodGroupsHelper.collectMethodsByGroup() took 0 ms.
2026-08-10 15:53:39 INFO  Utils - [Utils] MethodGroupsHelper.sortMethods() took 0 ms.
2026-08-10 15:53:39 INFO  Utils - [Utils] MethodGroupsHelper.collectMethodsByGroup() took 0 ms.
2026-08-10 15:53:39 INFO  Utils - [Utils] MethodGroupsHelper.sortMethods() took 0 ms.
2026-08-10 15:53:39 INFO  Utils - [Utils] MethodGroupsHelper.collectMethodsByGroup() took 0 ms.
2026-08-10 15:53:39 INFO  Utils - [Utils] MethodGroupsHelper.sortMethods() took 0 ms.
2026-08-10 15:53:39 INFO  Utils - [Utils] MethodGroupsHelper.collectMethodsByGroup() took 0 ms.
2026-08-10 15:53:39 INFO  Utils - [Utils] MethodGroupsHelper.sortMethods() took 0 ms.
2026-08-10 15:53:39 INFO  Utils - [Utils] MethodGroupsHelper.collectMethodsByGroup() took 0 ms.
2026-08-10 15:53:39 INFO  Utils - [Utils] MethodGroupsHelper.sortMethods() took 0 ms.
2026-08-10 15:53:39 INFO  Utils - [Utils] MethodGroupsHelper.collectMethodsByGroup() took 0 ms.
2026-08-10 15:53:39 INFO  Utils - [Utils] MethodGroupsHelper.sortMethods() took 0 ms.
2026-08-10 15:53:39 INFO  Utils - [Utils] MethodGroupsHelper.collectMethodsByGroup() took 0 ms.
2026-08-10 15:53:39 INFO  Utils - [Utils] MethodGroupsHelper.sortMethods() took 1 ms.
2026-08-10 15:53:39 INFO  Utils - [Utils] MethodGroupsHelper.collectMethodsByGroup() took 0 ms.
2026-08-10 15:53:39 INFO  Utils - [Utils] MethodGroupsHelper.sortMethods() took 0 ms.
2026-08-10 15:53:39 INFO  Utils - [Utils] MethodGroupsHelper.collectMethodsByGroup() took 0 ms.
2026-08-10 15:53:39 INFO  Utils - [Utils] MethodGroupsHelper.sortMethods() took 0 ms.
2026-08-10 15:53:39 INFO  Utils - [Utils] MethodGroupsHelper.collectMethodsByGroup() took 0 ms.
2026-08-10 15:53:39 INFO  Utils - [Utils] MethodGroupsHelper.sortMethods() took 0 ms.
2026-08-10 15:53:39 INFO  Utils - [Utils] MethodGroupsHelper.collectMethodsByGroup() took 18 ms.
2026-08-10 15:53:39 INFO  Utils - [Utils] MethodGroupsHelper.sortMethods() took 1 ms.
2026-08-10 15:53:39 INFO  Utils - [Utils] MethodGroupsHelper.collectMethodsByGroup() took 0 ms.
2026-08-10 15:53:39 INFO  Utils - [Utils] MethodGroupsHelper.sortMethods() took 0 ms.
2026-08-10 15:53:39 INFO  Utils - [Utils] MethodGroupsHelper.collectMethodsByGroup() took 1 ms.
2026-08-10 15:53:39 INFO  Utils - [Utils] MethodGroupsHelper.sortMethods() took 0 ms.
2026-08-10 15:53:39 INFO  Utils - [TestNG] Running:
  C:\Users\User\AppData\Local\Temp\testng-eclipse--75639106\testng-customsuite.xml

2026-08-10 15:53:39 INFO  BaseTest - =========================================================
2026-08-10 15:53:39 INFO  PropertyUtils - Loaded base configuration from [D:\selenium-java-framework\src\main\resources\config.properties]
2026-08-10 15:53:39 INFO  PropertyUtils - Applied environment overrides for [qa] from [D:\selenium-java-framework\src\main\resources\config-qa.properties]
2026-08-10 15:53:39 INFO  BaseTest -  TEST SUITE EXECUTION STARTED | environment=[qa] | browser=[chrome]
2026-08-10 15:53:39 INFO  BaseTest - =========================================================
2026-08-10 15:53:39 INFO  Utils - [Utils] DynamicGraphHelper.createDynamicGraph() took 6 ms.
2026-08-10 15:53:39 INFO  BaseTest - ---- Starting test [verifyPrimeVideoSignInPage] on thread [1] ----
2026-08-10 15:53:39 INFO  DriverFactory - Initializing WebDriver | browser=[chrome] | headless=[false] | thread=[1]
2026-08-10 15:53:42 INFO  WebDriverManager - Using chromedriver 151.0.7922.77 (resolved driver for Chrome 151)
2026-08-10 15:53:42 INFO  WebDriverManager - Exporting webdriver.chrome.driver as C:\Users\User\.cache\selenium\chromedriver\win64\151.0.7922.77\chromedriver.exe
2026-08-10 15:53:44 INFO  DriverFactory - WebDriver ready | browser=[chrome] | thread=[1]
2026-08-10 15:53:44 INFO  BaseTest - Navigating to application URL: [https://www.amazon.in/]
2026-08-10 15:54:16 INFO  DriverManager - WebDriver session quit successfully on thread [1]
2026-08-10 15:54:16 INFO  BaseTest - ---- Finished test on thread [1], WebDriver session closed ----
2026-08-10 15:54:16 INFO  BaseTest - =========================================================
2026-08-10 15:54:16 INFO  BaseTest -  TEST SUITE EXECUTION FINISHED
2026-08-10 15:54:16 INFO  BaseTest - =========================================================
2026-08-10 15:54:16 INFO  Utils - [TestNG] Time taken by org.testng.reporters.jq.Main@60c1663c: 126 ms
2026-08-10 15:54:16 INFO  Utils - [TestNG] Time taken by org.testng.reporters.FailedReporter@d5bb1c4: 25 ms
2026-08-10 15:54:16 INFO  Utils - [TestNG] Time taken by org.testng.reporters.XMLReporter@2cd4e16a: 22 ms
2026-08-10 15:54:16 INFO  Utils - [TestNG] Time taken by org.testng.reporters.EmailableReporter2@4d634127: 17 ms
2026-08-10 15:54:16 INFO  Utils - [TestNG] Time taken by org.testng.reporters.JUnitReportReporter@4d0e54e0: 15 ms
2026-08-10 15:54:16 INFO  Utils - [TestNG] Time taken by org.testng.internal.ExitCodeListener@32f96bba: 0 ms
2026-08-10 15:55:25 INFO  Utils - [Utils] MethodGroupsHelper.collectMethodsByGroup() took 9 ms.
2026-08-10 15:55:25 INFO  Utils - [Utils] MethodGroupsHelper.sortMethods() took 21 ms.
2026-08-10 15:55:25 INFO  Utils - [Utils] MethodGroupsHelper.collectMethodsByGroup() took 0 ms.
2026-08-10 15:55:25 INFO  Utils - [Utils] MethodGroupsHelper.sortMethods() took 1 ms.
2026-08-10 15:55:25 INFO  Utils - [Utils] MethodGroupsHelper.collectMethodsByGroup() took 0 ms.
2026-08-10 15:55:25 INFO  Utils - [Utils] MethodGroupsHelper.sortMethods() took 0 ms.
2026-08-10 15:55:25 INFO  Utils - [Utils] MethodGroupsHelper.collectMethodsByGroup() took 0 ms.
2026-08-10 15:55:25 INFO  Utils - [Utils] MethodGroupsHelper.sortMethods() took 0 ms.
2026-08-10 15:55:25 INFO  Utils - [Utils] MethodGroupsHelper.collectMethodsByGroup() took 0 ms.
2026-08-10 15:55:25 INFO  Utils - [Utils] MethodGroupsHelper.sortMethods() took 0 ms.
2026-08-10 15:55:25 INFO  Utils - [Utils] MethodGroupsHelper.collectMethodsByGroup() took 0 ms.
2026-08-10 15:55:25 INFO  Utils - [Utils] MethodGroupsHelper.sortMethods() took 0 ms.
2026-08-10 15:55:25 INFO  Utils - [Utils] MethodGroupsHelper.collectMethodsByGroup() took 0 ms.
2026-08-10 15:55:25 INFO  Utils - [Utils] MethodGroupsHelper.sortMethods() took 0 ms.
2026-08-10 15:55:25 INFO  Utils - [Utils] MethodGroupsHelper.collectMethodsByGroup() took 0 ms.
2026-08-10 15:55:25 INFO  Utils - [Utils] MethodGroupsHelper.sortMethods() took 0 ms.
2026-08-10 15:55:25 INFO  Utils - [Utils] MethodGroupsHelper.collectMethodsByGroup() took 0 ms.
2026-08-10 15:55:25 INFO  Utils - [Utils] MethodGroupsHelper.sortMethods() took 0 ms.
2026-08-10 15:55:25 INFO  Utils - [Utils] MethodGroupsHelper.collectMethodsByGroup() took 0 ms.
2026-08-10 15:55:25 INFO  Utils - [Utils] MethodGroupsHelper.sortMethods() took 0 ms.
2026-08-10 15:55:25 INFO  Utils - [Utils] MethodGroupsHelper.collectMethodsByGroup() took 0 ms.
2026-08-10 15:55:25 INFO  Utils - [Utils] MethodGroupsHelper.sortMethods() took 0 ms.
2026-08-10 15:55:25 INFO  Utils - [Utils] MethodGroupsHelper.collectMethodsByGroup() took 0 ms.
2026-08-10 15:55:25 INFO  Utils - [Utils] MethodGroupsHelper.sortMethods() took 0 ms.
2026-08-10 15:55:25 INFO  Utils - [Utils] MethodGroupsHelper.collectMethodsByGroup() took 15 ms.
2026-08-10 15:55:25 INFO  Utils - [Utils] MethodGroupsHelper.sortMethods() took 0 ms.
2026-08-10 15:55:25 INFO  Utils - [Utils] MethodGroupsHelper.collectMethodsByGroup() took 0 ms.
2026-08-10 15:55:25 INFO  Utils - [Utils] MethodGroupsHelper.sortMethods() took 0 ms.
2026-08-10 15:55:25 INFO  Utils - [Utils] MethodGroupsHelper.collectMethodsByGroup() took 0 ms.
2026-08-10 15:55:25 INFO  Utils - [Utils] MethodGroupsHelper.sortMethods() took 0 ms.
2026-08-10 15:55:25 INFO  Utils - [TestNG] Running:
  C:\Users\User\AppData\Local\Temp\testng-eclipse-134554742\testng-customsuite.xml

2026-08-10 15:55:25 INFO  BaseTest - =========================================================
2026-08-10 15:55:25 INFO  PropertyUtils - Loaded base configuration from [D:\selenium-java-framework\src\main\resources\config.properties]
2026-08-10 15:55:25 INFO  PropertyUtils - Applied environment overrides for [qa] from [D:\selenium-java-framework\src\main\resources\config-qa.properties]
2026-08-10 15:55:25 INFO  BaseTest -  TEST SUITE EXECUTION STARTED | environment=[qa] | browser=[chrome]
2026-08-10 15:55:25 INFO  BaseTest - =========================================================
2026-08-10 15:55:25 INFO  Utils - [Utils] DynamicGraphHelper.createDynamicGraph() took 12 ms.
2026-08-10 15:55:25 INFO  BaseTest - ---- Starting test [verifyPrimeVideoSignInPage] on thread [1] ----
2026-08-10 15:55:25 INFO  DriverFactory - Initializing WebDriver | browser=[chrome] | headless=[false] | thread=[1]
2026-08-10 15:55:26 INFO  WebDriverManager - Using chromedriver 151.0.7922.77 (resolved driver for Chrome 151)
2026-08-10 15:55:26 INFO  WebDriverManager - Exporting webdriver.chrome.driver as C:\Users\User\.cache\selenium\chromedriver\win64\151.0.7922.77\chromedriver.exe
2026-08-10 15:55:29 INFO  DriverFactory - WebDriver ready | browser=[chrome] | thread=[1]
2026-08-10 15:55:29 INFO  BaseTest - Navigating to application URL: [https://www.amazon.in/]
2026-08-10 15:56:07 INFO  DriverManager - WebDriver session quit successfully on thread [1]
2026-08-10 15:56:07 INFO  BaseTest - ---- Finished test on thread [1], WebDriver session closed ----
2026-08-10 15:56:07 INFO  BaseTest - =========================================================
2026-08-10 15:56:07 INFO  BaseTest -  TEST SUITE EXECUTION FINISHED
2026-08-10 15:56:07 INFO  BaseTest - =========================================================
2026-08-10 15:56:07 INFO  Utils - [TestNG] Time taken by org.testng.reporters.jq.Main@e76b097: 162 ms
2026-08-10 15:56:07 INFO  Utils - [TestNG] Time taken by org.testng.reporters.FailedReporter@2be95d31: 1 ms
2026-08-10 15:56:07 INFO  Utils - [TestNG] Time taken by org.testng.reporters.XMLReporter@52b06bef: 46 ms
2026-08-10 15:56:07 INFO  Utils - [TestNG] Time taken by org.testng.reporters.EmailableReporter2@31e2232f: 14 ms
2026-08-10 15:56:07 INFO  Utils - [TestNG] Time taken by org.testng.reporters.JUnitReportReporter@2f9a4401: 17 ms
2026-08-10 15:56:07 INFO  Utils - [TestNG] Time taken by org.testng.internal.ExitCodeListener@22c75c01: 0 ms
